2026-03-24 18:30:05 +05:30: [WawiOAuth] Loaded cached token from .env
2026-03-24 18:30:05 +05:30: [WawiOAuth] Loaded cached token from .env
2026-03-24 18:30:05 +05:30: [WawiOAuth] Loaded cached token from .env
2026-03-24 18:30:05 +05:30: [WawiOAuth] Loaded cached token from .env
2026-03-24 18:30:07 +05:30: [WawiOAuth] Loaded cached token from .env
2026-03-24 18:30:07 +05:30: [WawiOAuth] Loaded cached token from .env
2026-03-24 18:30:07 +05:30: [WawiOAuth] Loaded cached token from .env
2026-03-24 18:30:07 +05:30: [WawiOAuth] Loaded cached token from .env
2026-03-24 18:30:08 +05:30: [WawiOAuth] Loaded cached token from .env
2026-03-24 18:30:08 +05:30: [WawiOAuth] Loaded cached token from .env
2026-03-24 18:30:09 +05:30: [WawiOAuth] Loaded cached token from .env
2026-03-24 18:30:09 +05:30: [WawiOAuth] Loaded cached token from .env
2026-03-24 18:30:10 +05:30: [WawiOAuth] Loaded cached token from .env
2026-03-24 18:30:10 +05:30: [WawiOAuth] Loaded cached token from .env
2026-03-24 18:30:10 +05:30: [WawiOAuth] Loaded cached token from .env
2026-03-24 18:30:10 +05:30: [WawiOAuth] Loaded cached token from .env
2026-03-24 18:30:12 +05:30: [WawiOAuth] Loaded cached token from .env
2026-03-24 18:30:12 +05:30: [WawiOAuth] Loaded cached token from .env
2026-03-24 18:30:12 +05:30: [WawiOAuth] Loaded cached token from .env
2026-03-24 18:30:12 +05:30: [WawiOAuth] Loaded cached token from .env
2026-03-24 18:30:13 +05:30: [WawiOAuth] Loaded cached token from .env
2026-03-24 18:30:13 +05:30: [WawiOAuth] Loaded cached token from .env
2026-03-24 18:30:13 +05:30: [WawiOAuth] Loaded cached token from .env
2026-03-24 18:30:13 +05:30: [WawiOAuth] Loaded cached token from .env
2026-03-24 18:30:15 +05:30: [WawiOAuth] Loaded cached token from .env
2026-03-24 18:30:15 +05:30: [WawiOAuth] Loaded cached token from .env
2026-03-24 18:30:15 +05:30: [WawiOAuth] Loaded cached token from .env
2026-03-24 18:30:15 +05:30: [WawiOAuth] Loaded cached token from .env
2026-03-24 18:30:16 +05:30: [WawiOAuth] Loaded cached token from .env
2026-03-24 18:30:16 +05:30: [WawiOAuth] Loaded cached token from .env
2026-03-24 18:30:16 +05:30: [WawiOAuth] Loaded cached token from .env
2026-03-24 18:30:16 +05:30: [WawiOAuth] Loaded cached token from .env
2026-03-24 18:30:17 +05:30: [WawiOAuth] Loaded cached token from .env
2026-03-24 18:30:18 +05:30: [WawiOAuth] Loaded cached token from .env
2026-03-24 18:30:18 +05:30: [WawiOAuth] Loaded cached token from .env
2026-03-24 18:30:18 +05:30: [WawiOAuth] Loaded cached token from .env
2026-03-24 18:30:19 +05:30: [WawiOAuth] Loaded cached token from .env
2026-03-24 18:30:19 +05:30: [WawiOAuth] Loaded cached token from .env
2026-03-24 18:30:19 +05:30: [WawiOAuth] Loaded cached token from .env
2026-03-24 18:30:19 +05:30: [WawiOAuth] Loaded cached token from .env
2026-03-24 18:30:20 +05:30: [WawiOAuth] Loaded cached token from .env
2026-03-24 18:30:20 +05:30: [WawiOAuth] Loaded cached token from .env
2026-03-24 18:30:21 +05:30: [WawiOAuth] Loaded cached token from .env
2026-03-24 18:30:21 +05:30: [WawiOAuth] Loaded cached token from .env
2026-03-24 18:30:22 +05:30: [WawiOAuth] Loaded cached token from .env
2026-03-24 18:30:22 +05:30: [WawiOAuth] Loaded cached token from .env
2026-03-24 18:30:22 +05:30: [WawiOAuth] Loaded cached token from .env
2026-03-24 18:30:22 +05:30: [WawiOAuth] Loaded cached token from .env
2026-03-24 18:30:24 +05:30: [WawiOAuth] Loaded cached token from .env
2026-03-24 18:30:24 +05:30: [WawiOAuth] Loaded cached token from .env
2026-03-24 18:30:24 +05:30: [WawiOAuth] Loaded cached token from .env
2026-03-24 18:30:24 +05:30: [WawiOAuth] Loaded cached token from .env
2026-03-24 18:30:25 +05:30: [WawiOAuth] Loaded cached token from .env
2026-03-24 18:30:25 +05:30: [WawiOAuth] Loaded cached token from .env
2026-03-24 18:30:25 +05:30: [WawiOAuth] Loaded cached token from .env
2026-03-24 18:30:25 +05:30: [WawiOAuth] Loaded cached token from .env
2026-03-24 18:30:27 +05:30: [WawiOAuth] Loaded cached token from .env
2026-03-24 18:30:27 +05:30: [WawiOAuth] Loaded cached token from .env
2026-03-24 18:30:27 +05:30: [WawiOAuth] Loaded cached token from .env
2026-03-24 18:30:27 +05:30: [WawiOAuth] Loaded cached token from .env
2026-03-24 18:31:17 +05:30: [WawiOAuth] Loaded cached token from .env
2026-03-24 18:31:17 +05:30: [WawiOAuth] Loaded cached token from .env
2026-03-24 18:31:17 +05:30: [WawiOAuth] Loaded cached token from .env
2026-03-24 18:31:18 +05:30: [WawiOAuth] Loaded cached token from .env
2026-03-24 18:31:18 +05:30: Server running on port 8000 (instance 0)
2026-03-24 18:31:18 +05:30: [Scheduler] Starting automatic sync scheduler:
2026-03-24 18:31:18 +05:30:   - Incremental sync: every 60 minutes
2026-03-24 18:31:18 +05:30:   - Full daily sync: at 2:00
2026-03-24 18:31:18 +05:30: [Scheduler] Scheduler started successfully
2026-03-24 18:31:18 +05:30: MongoDB Connected: localhost
2026-03-24 18:31:18 +05:30: Server running on port 8000 (instance 1)
2026-03-24 18:31:18 +05:30: [Instance 1] Skipping scheduler (handled by instance 0)
2026-03-24 18:31:18 +05:30: MongoDB Connected: localhost
2026-03-24 18:31:18 +05:30: Server running on port 8000 (instance 2)
2026-03-24 18:31:18 +05:30: [Instance 2] Skipping scheduler (handled by instance 0)
2026-03-24 18:31:18 +05:30: MongoDB Connected: localhost
2026-03-24 18:31:18 +05:30: Server running on port 8000 (instance 3)
2026-03-24 18:31:18 +05:30: [Instance 3] Skipping scheduler (handled by instance 0)
2026-03-24 18:31:18 +05:30: MongoDB Connected: localhost
2026-03-24 18:34:47 +05:30: [WawiOAuth] Loaded cached token from .env
2026-03-24 18:34:47 +05:30: Server running on port 8000 (instance 0)
2026-03-24 18:34:47 +05:30: [Scheduler] Starting automatic sync scheduler:
2026-03-24 18:34:47 +05:30:   - Incremental sync: every 60 minutes
2026-03-24 18:34:47 +05:30:   - Full daily sync: at 2:00
2026-03-24 18:34:47 +05:30: [Scheduler] Scheduler started successfully
2026-03-24 18:34:47 +05:30: MongoDB Connected: localhost
2026-03-25 11:19:44 +05:30: Server running on port 8000 (instance 0)
2026-03-25 11:19:44 +05:30: [Scheduler] Starting automatic sync scheduler:
2026-03-25 11:19:44 +05:30:   - Incremental sync: every 60 minutes
2026-03-25 11:19:44 +05:30:   - Full daily sync: at 2:00
2026-03-25 11:19:44 +05:30: [Scheduler] Scheduler started successfully
2026-03-25 11:19:44 +05:30: MongoDB Connected: localhost
2026-03-25 11:20:22 +05:30: { enteredPassword: '74GS1w£:Yju<' }
2026-03-25 11:43:20 +05:30: [WawiOAuth] Token acquired successfully, expires in 3600s
2026-03-25 11:43:20 +05:30: [WawiOAuth] Token saved to .env
2026-03-25 11:43:21 +05:30: [CascadeSync] Customer 83: all 25 orders already synced
2026-03-25 12:17:22 +05:30: [CascadeSync] Customer 1799: 1 new orders out of 6 total
2026-03-25 12:18:16 +05:30: [WawiOAuth] Loaded cached token from .env
2026-03-25 12:18:16 +05:30: Server running on port 8000 (instance 0)
2026-03-25 12:18:16 +05:30: [Scheduler] Starting automatic sync scheduler:
2026-03-25 12:18:16 +05:30:   - Incremental sync: every 60 minutes
2026-03-25 12:18:16 +05:30:   - Full daily sync: at 2:00
2026-03-25 12:18:16 +05:30: [Scheduler] Scheduler started successfully
2026-03-25 12:18:16 +05:30: MongoDB Connected: localhost
2026-03-25 12:18:20 +05:30: { enteredPassword: '74GS1w£:Yju<' }
2026-03-25 12:24:02 +05:30: [WawiOAuth] Loaded cached token from .env
2026-03-25 12:24:02 +05:30: Server running on port 8000 (instance 0)
2026-03-25 12:24:02 +05:30: [Scheduler] Starting automatic sync scheduler:
2026-03-25 12:24:02 +05:30:   - Incremental sync: every 60 minutes
2026-03-25 12:24:02 +05:30:   - Full daily sync: at 2:00
2026-03-25 12:24:02 +05:30: [Scheduler] Scheduler started successfully
2026-03-25 12:24:02 +05:30: MongoDB Connected: localhost
2026-03-25 12:24:18 +05:30: [CascadeSync] Customer 1799: 1 new orders out of 6 total
2026-03-25 12:24:19 +05:30: [CascadeSync] Created discount group for customer Karin Hajek: €42.92
2026-03-25 12:24:39 +05:30: [CascadeSync] Customer 1799: 1 new orders out of 6 total
2026-03-25 12:25:01 +05:30: [CascadeSync] Customer 1799: all 6 orders already synced
2026-03-25 12:25:37 +05:30: [CascadeSync] Customer 1799: 2 new orders out of 6 total
2026-03-25 12:25:40 +05:30: [CascadeSync] Created discount group for customer Karin Hajek: €57.90
2026-03-25 12:25:40 +05:30: [CascadeSync] Created discount group for customer Karin Hajek: €42.92
2026-03-25 12:34:08 +05:30: [CascadeSync] Customer 1799: 2 new orders out of 6 total
2026-03-25 12:34:10 +05:30: [CascadeSync] Created discount group for customer Karin Hajek: €42.92
2026-03-25 12:40:19 +05:30: [CascadeSync] Customer 83: all 25 orders already synced
2026-03-25 13:24:02 +05:30: [Scheduler] Running incremental sync at 2026-03-25T07:54:02.785Z
2026-03-25 13:24:02 +05:30: [CascadeSync] Starting incremental sync (last 2 hours)...
2026-03-25 13:24:03 +05:30: [WawiOAuth] Token acquired successfully, expires in 3600s
2026-03-25 13:24:03 +05:30: [WawiOAuth] Token saved to .env
2026-03-25 13:24:04 +05:30: [CascadeSync] Found 0 orders modified in last 2 hours
2026-03-25 13:24:04 +05:30: [Scheduler] Incremental sync completed: { customers: 0, orders: 0, discountGroups: 0, errors: 0, skipped: 0 }
2026-03-25 14:24:02 +05:30: [Scheduler] Running incremental sync at 2026-03-25T08:54:02.787Z
2026-03-25 14:24:02 +05:30: [CascadeSync] Starting incremental sync (last 2 hours)...
2026-03-25 14:24:03 +05:30: [WawiOAuth] Token acquired successfully, expires in 3600s
2026-03-25 14:24:03 +05:30: [WawiOAuth] Token saved to .env
2026-03-25 14:24:04 +05:30: [CascadeSync] Found 0 orders modified in last 2 hours
2026-03-25 14:24:04 +05:30: [Scheduler] Incremental sync completed: { customers: 0, orders: 0, discountGroups: 0, errors: 0, skipped: 0 }
2026-03-25 15:24:02 +05:30: [Scheduler] Running incremental sync at 2026-03-25T09:54:02.793Z
2026-03-25 15:24:02 +05:30: [CascadeSync] Starting incremental sync (last 2 hours)...
2026-03-25 15:24:04 +05:30: [WawiOAuth] Token acquired successfully, expires in 3600s
2026-03-25 15:24:04 +05:30: [WawiOAuth] Token saved to .env
2026-03-25 15:24:06 +05:30: [CascadeSync] Found 0 orders modified in last 2 hours
2026-03-25 15:24:06 +05:30: [Scheduler] Incremental sync completed: { customers: 0, orders: 0, discountGroups: 0, errors: 0, skipped: 0 }
2026-03-25 16:24:02 +05:30: [Scheduler] Running incremental sync at 2026-03-25T10:54:02.802Z
2026-03-25 16:24:02 +05:30: [CascadeSync] Starting incremental sync (last 2 hours)...
2026-03-25 16:24:03 +05:30: [WawiOAuth] Token acquired successfully, expires in 3600s
2026-03-25 16:24:03 +05:30: [WawiOAuth] Token saved to .env
2026-03-25 16:24:04 +05:30: [CascadeSync] Found 0 orders modified in last 2 hours
2026-03-25 16:24:04 +05:30: [Scheduler] Incremental sync completed: { customers: 0, orders: 0, discountGroups: 0, errors: 0, skipped: 0 }
